components/OgrenciListItem.tsx(4,28): error TS7031: Binding element 'ogrenci' implicitly has an 'any' type.
components/OgrenciListItem.tsx(4,37): error TS7031: Binding element 'onPress' implicitly has an 'any' type.
components/OgrenciListItem.tsx(4,46): error TS7031: Binding element 'onEdit' implicitly has an 'any' type.
components/OgrenciListItem.tsx(4,54): error TS7031: Binding element 'onDelete' implicitly has an 'any' type.
components/PaymentPopup.tsx(5,64): error TS2307: Cannot find module '../database' or its corresponding type declarations.
components/PaymentPopup.tsx(7,25): error TS7031: Binding element 'visible' implicitly has an 'any' type.
components/PaymentPopup.tsx(7,34): error TS7031: Binding element 'onClose' implicitly has an 'any' type.
database/homeworkOperations.ts(160,17): error TS2769: No overload matches this call.
  Overload 1 of 2, '(source: string, params: SQLiteBindParams): Promise<SQLiteRunResult>', gave the following error.
    Type 'string | undefined' is not assignable to type 'SQLiteBindValue'.
      Type 'undefined' is not assignable to type 'SQLiteBindValue'.
screens/AjandaKayitEkle.tsx(46,45): error TS2339: Property 'selectedDate' does not exist on type 'object'.
screens/AjandaKayitEkle.tsx(95,31): error TS2345: Argument of type 'OgrenciType[]' is not assignable to parameter of type 'SetStateAction<never[]>'.
  Type 'OgrenciType[]' is not assignable to type 'never[]'.
    Type 'OgrenciType' is not assignable to type 'never'.
screens/AjandaKayitEkle.tsx(110,35): error TS7006: Parameter 'event' implicitly has an 'any' type.
screens/AjandaKayitEkle.tsx(110,42): error TS7006: Parameter 'date' implicitly has an 'any' type.
screens/AjandaKayitEkle.tsx(147,28): error TS7006: Parameter 'ogrenci' implicitly has an 'any' type.
screens/AjandaKayitEkle.tsx(155,34): error TS7031: Binding element 'item' implicitly has an 'any' type.
screens/AjandaKayitEkle.tsx(166,31): error TS2339: Property 'ogrenciId' does not exist on type 'never'.
screens/AjandaKayitEkle.tsx(206,53): error TS18047: 'selectedOgrenci' is possibly 'null'.
screens/AjandaKayitEkle.tsx(208,22): error TS18047: 'selectedOgrenci' is possibly 'null'.
screens/AjandaKayitEkle.tsx(208,51): error TS18047: 'selectedOgrenci' is possibly 'null'.
screens/AjandaKayitEkle.tsx(240,54): error TS2345: Argument of type '{ ogrenciId: any; ogrAdsoyad: string; tarih: string; saat: string; tekrarsayisi: number; kalanTekrarSayisi: number; olusmaAni: string; sutun1: string; sutun2: string; }' is not assignable to parameter of type 'AjandaType'.
  Property 'tamamlanma' is missing in type '{ ogrenciId: any; ogrAdsoyad: string; tarih: string; saat: string; tekrarsayisi: number; kalanTekrarSayisi: number; olusmaAni: string; sutun1: string; sutun2: string; }' but required in type 'AjandaType'.
screens/AjandaKayitEkle.tsx(267,71): error TS18046: 'error' is of type 'unknown'.
screens/AjandaKayitEkle.tsx(381,58): error TS2339: Property 'ogrenciAd' does not exist on type 'never'.
screens/AjandaKayitEkle.tsx(381,87): error TS2339: Property 'ogrenciSoyad' does not exist on type 'never'.
screens/AjandaRandevuDuzenle.tsx(21,48): error TS7031: Binding element 'route' implicitly has an 'any' type.
screens/AjandaRandevuDuzenle.tsx(21,55): error TS7031: Binding element 'navigation' implicitly has an 'any' type.
screens/AjandaRandevuDuzenle.tsx(44,28): error TS2345: Argument of type 'OgrenciType[] | undefined' is not assignable to parameter of type 'SetStateAction<never[]>'.
  Type 'undefined' is not assignable to type 'SetStateAction<never[]>'.
screens/AjandaRandevuDuzenle.tsx(50,19): error TS2554: Expected 2 arguments, but got 1.
screens/AjandaRandevuDuzenle.tsx(85,32): error TS7006: Parameter 'date' implicitly has an 'any' type.
screens/AjandaRandevuDuzenle.tsx(92,77): error TS2339: Property 'dateTimeButton' does not exist on type '{ container: { flex: number; backgroundColor: string; }; label: { fontWeight: "bold"; marginTop: number; }; input: { backgroundColor: string; padding: number; borderRadius: number; marginTop: number; borderWidth: number; borderColor: string; }; ... 10 more ...; buttonText: { ...; }; }'.
screens/AjandaRandevuDuzenle.tsx(103,89): error TS2339: Property 'dateTimeButton' does not exist on type '{ container: { flex: number; backgroundColor: string; }; label: { fontWeight: "bold"; marginTop: number; }; input: { backgroundColor: string; padding: number; borderRadius: number; marginTop: number; borderWidth: number; borderColor: string; }; ... 10 more ...; buttonText: { ...; }; }'.
screens/AjandaRandevuDuzenle.tsx(120,89): error TS2339: Property 'dateTimeButton' does not exist on type '{ container: { flex: number; backgroundColor: string; }; label: { fontWeight: "bold"; marginTop: number; }; input: { backgroundColor: string; padding: number; borderRadius: number; marginTop: number; borderWidth: number; borderColor: string; }; ... 10 more ...; buttonText: { ...; }; }'.
screens/AjandaRandevuDuzenle.tsx(172,68): error TS2339: Property 'ogrenciAd' does not exist on type 'never'.
screens/AjandaRandevuDuzenle.tsx(172,83): error TS2339: Property 'ogrenciSoyad' does not exist on type 'never'.
screens/AjandaRandevuDuzenle.tsx(172,108): error TS2339: Property 'ogrenciId' does not exist on type 'never'.
